// Jest Snapshot v1, https://goo.gl/fbAQLP

exports[`Example should work with snapshot 1`] = `
"<div className=\\"example\\" style={{...}}>
  This is the super useful example component!
</div>"
`;
