// Jest Snapshot v1, https://goo.gl/fbAQLP

exports[`ImageExample should render following snapshot 1`] = `
"<div className=\\"image-example\\">
  <img src={{...}} alt=\\"fail\\" />
</div>"
`;
